// Jest Snapshot v1, https://goo.gl/fbAQLP

exports[`Form renders correctly 1`] = `
<form
  className="py-1 my-4 mx-auto w-2/3"
  onSubmit={[Function]}
>
  <p
    className="border-b mb-3 py-2 font-bold"
  >
    Ajouter une transaction
  </p>
  <div
    className="grid grid-cols-1 sm:grid-cols-3 gap-4"
  >
    <input
      autoComplete="off"
      className="bg-white focus:outline-none focus:shadow-outline border border-gray-300 rounded-lg py-2 px-4 block w-full appearance-none leading-normal"
      data-testid="description"
      name="desc"
      onChange={[Function]}
      placeholder="Description"
      type="text"
      value=""
    />
    <input
      className="bg-white focus:outline-none focus:shadow-outline border border-gray-300 rounded-lg py-2 px-4 block w-full appearance-none leading-normal"
      data-testid="amount"
      name="amount"
      onChange={[Function]}
      placeholder="Montant"
      type="number"
      value=""
    />
    <input
      className="bg-white focus:outline-none focus:shadow-outline border border-gray-300 rounded-lg py-2 px-4 block w-full appearance-none leading-normal"
      data-testid="date"
      name="date"
      onChange={[Function]}
      placeholder="Date"
      type="date"
      value=""
    />
  </div>
  <button
    className="bg-blue-500 hover:bg-blue-700 text-white font-bold py-2 px-4 mt-3 rounded-lg"
    data-testid="submit-button"
    type="submit"
  >
    Ajouter
  </button>
</form>
`;
